ZOBRYYYY KBEEEER: Success
ZOBRYYYY KBEEEER: Success
*** Error in `/home/elfar009/INET4021/WebServerRepo/cmake-build-debug/WebServerRepo': free(): invalid size: 0x00007fd7080008e0 ***
======= Backtrace: =========
/lib/x86_64-linux-gnu/libc.so.6(+0x777e5)[0x7fd70d36e7e5]
/lib/x86_64-linux-gnu/libc.so.6(+0x8037a)[0x7fd70d37737a]
/lib/x86_64-linux-gnu/libc.so.6(cfree+0x4c)[0x7fd70d37b53c]
/home/elfar009/INET4021/WebServerRepo/cmake-build-debug/WebServerRepo[0x4021a6]
/lib/x86_64-linux-gnu/libpthread.so.0(+0x76ba)[0x7fd70d6c86ba]
/lib/x86_64-linux-gnu/libc.so.6(clone+0x6d)[0x7fd70d3fe41d]
======= Memory map: ========
00400000-00403000 r-xp 00000000 08:02 14025977                           /home/elfar009/INET4021/WebServerRepo/cmake-build-debug/WebServerRepo
00603000-00604000 r--p 00003000 08:02 14025977                           /home/elfar009/INET4021/WebServerRepo/cmake-build-debug/WebServerRepo
00604000-00605000 rw-p 00004000 08:02 14025977                           /home/elfar009/INET4021/WebServerRepo/cmake-build-debug/WebServerRepo
01b5c000-01b7d000 rw-p 00000000 00:00 0                                  [heap]
7fd700000000-7fd700021000 rw-p 00000000 00:00 0 
7fd700021000-7fd704000000 ---p 00000000 00:00 0 
7fd707dea000-7fd707e00000 r-xp 00000000 08:02 13898127                   /lib/x86_64-linux-gnu/libgcc_s.so.1
7fd707e00000-7fd707fff000 ---p 00016000 08:02 13898127                   /lib/x86_64-linux-gnu/libgcc_s.so.1
7fd707fff000-7fd708000000 rw-p 00015000 08:02 13898127                   /lib/x86_64-linux-gnu/libgcc_s.so.1
7fd708000000-7fd708021000 rw-p 00000000 00:00 0 
7fd708021000-7fd70c000000 ---p 00000000 00:00 0 
7fd70c0e3000-7fd70c0e4000 ---p 00000000 00:00 0 
7fd70c0e4000-7fd70c8e4000 rw-p 00000000 00:00 0 
7fd70c8e4000-7fd70c8e5000 ---p 00000000 00:00 0 
7fd70c8e5000-7fd70d0e5000 rw-p 00000000 00:00 0 
7fd70d0e5000-7fd70d0f0000 r-xp 00000000 08:02 13899334                   /lib/x86_64-linux-gnu/libnss_files-2.23.so
7fd70d0f0000-7fd70d2ef000 ---p 0000b000 08:02 13899334                   /lib/x86_64-linux-gnu/libnss_files-2.23.so
7fd70d2ef000-7fd70d2f0000 r--p 0000a000 08:02 13899334                   /lib/x86_64-linux-gnu/libnss_files-2.23.so
7fd70d2f0000-7fd70d2f1000 rw-p 0000b000 08:02 13899334                   /lib/x86_64-linux-gnu/libnss_files-2.23.so
7fd70d2f1000-7fd70d2f7000 rw-p 00000000 00:00 0 
7fd70d2f7000-7fd70d4b7000 r-xp 00000000 08:02 13899321                   /lib/x86_64-linux-gnu/libc-2.23.so
7fd70d4b7000-7fd70d6b7000 ---p 001c0000 08:02 13899321                   /lib/x86_64-linux-gnu/libc-2.23.so
7fd70d6b7000-7fd70d6bb000 r--p 001c0000 08:02 13899321                   /lib/x86_64-linux-gnu/libc-2.23.so
7fd70d6bb000-7fd70d6bd000 rw-p 001c4000 08:02 13899321                   /lib/x86_64-linux-gnu/libc-2.23.so
7fd70d6bd000-7fd70d6c1000 rw-p 00000000 00:00 0 
7fd70d6c1000-7fd70d6d9000 r-xp 00000000 08:02 13899320                   /lib/x86_64-linux-gnu/libpthread-2.23.so
7fd70d6d9000-7fd70d8d8000 ---p 00018000 08:02 13899320                   /lib/x86_64-linux-gnu/libpthread-2.23.so
7fd70d8d8000-7fd70d8d9000 r--p 00017000 08:02 13899320                   /lib/x86_64-linux-gnu/libpthread-2.23.so
7fd70d8d9000-7fd70d8da000 rw-p 00018000 08:02 13899320                   /lib/x86_64-linux-gnu/libpthread-2.23.so
7fd70d8da000-7fd70d8de000 rw-p 00000000 00:00 0 
7fd70d8de000-7fd70d904000 r-xp 00000000 08:02 13899319                   /lib/x86_64-linux-gnu/ld-2.23.so
7fd70dae3000-7fd70dae7000 rw-p 00000000 00:00 0 
7fd70db02000-7fd70db03000 rw-p 00000000 00:00 0 
7fd70db03000-7fd70db04000 r--p 00025000 08:02 13899319                   /lib/x86_64-linux-gnu/ld-2.23.so
7fd70db04000-7fd70db05000 rw-p 00026000 08:02 13899319                   /lib/x86_64-linux-gnu/ld-2.23.so
7fd70db05000-7fd70db06000 rw-p 00000000 00:00 0 
7fff6a504000-7fff6a525000 rw-p 00000000 00:00 0                          [stack]
7fff6a5b4000-7fff6a5b7000 r--p 00000000 00:00 0                          [vvar]
7fff6a5b7000-7fff6a5b9000 r-xp 00000000 00:00 0                          [vdso]
ffffffffff600000-ffffffffff601000 r-xp 00000000 00:00 0                  [vsyscall]
*** Error in `/home/elfar009/INET4021/WebServerRepo/cmake-build-debug/WebServerRepo': free(): invalid pointer: 0x00007f00500008e6 ***
======= Backtrace: =========
/lib/x86_64-linux-gnu/libc.so.6(+0x777e5)[0x7f005769d7e5]
/lib/x86_64-linux-gnu/libc.so.6(+0x8037a)[0x7f00576a637a]
/lib/x86_64-linux-gnu/libc.so.6(cfree+0x4c)[0x7f00576aa53c]
/home/elfar009/INET4021/WebServerRepo/cmake-build-debug/WebServerRepo[0x402231]
/lib/x86_64-linux-gnu/libpthread.so.0(+0x76ba)[0x7f00579f76ba]
/lib/x86_64-linux-gnu/libc.so.6(clone+0x6d)[0x7f005772d41d]
======= Memory map: ========
00400000-00403000 r-xp 00000000 08:02 14025977                           /home/elfar009/INET4021/WebServerRepo/cmake-build-debug/WebServerRepo
00603000-00604000 r--p 00003000 08:02 14025977                           /home/elfar009/INET4021/WebServerRepo/cmake-build-debug/WebServerRepo
00604000-00605000 rw-p 00004000 08:02 14025977                           /home/elfar009/INET4021/WebServerRepo/cmake-build-debug/WebServerRepo
01f09000-01f2a000 rw-p 00000000 00:00 0                                  [heap]
7f0050000000-7f0050021000 rw-p 00000000 00:00 0 
7f0050021000-7f0054000000 ---p 00000000 00:00 0 
7f00569fd000-7f0056a13000 r-xp 00000000 08:02 13898127                   /lib/x86_64-linux-gnu/libgcc_s.so.1
7f0056a13000-7f0056c12000 ---p 00016000 08:02 13898127                   /lib/x86_64-linux-gnu/libgcc_s.so.1
7f0056c12000-7f0056c13000 rw-p 00015000 08:02 13898127                   /lib/x86_64-linux-gnu/libgcc_s.so.1
7f0056c13000-7f0056c14000 ---p 00000000 00:00 0 
7f0056c14000-7f0057414000 rw-p 00000000 00:00 0 
7f0057414000-7f005741f000 r-xp 00000000 08:02 13899334                   /lib/x86_64-linux-gnu/libnss_files-2.23.so
7f005741f000-7f005761e000 ---p 0000b000 08:02 13899334                   /lib/x86_64-linux-gnu/libnss_files-2.23.so
7f005761e000-7f005761f000 r--p 0000a000 08:02 13899334                   /lib/x86_64-linux-gnu/libnss_files-2.23.so
7f005761f000-7f0057620000 rw-p 0000b000 08:02 13899334                   /lib/x86_64-linux-gnu/libnss_files-2.23.so
7f0057620000-7f0057626000 rw-p 00000000 00:00 0 
7f0057626000-7f00577e6000 r-xp 00000000 08:02 13899321                   /lib/x86_64-linux-gnu/libc-2.23.so
7f00577e6000-7f00579e6000 ---p 001c0000 08:02 13899321                   /lib/x86_64-linux-gnu/libc-2.23.so
7f00579e6000-7f00579ea000 r--p 001c0000 08:02 13899321                   /lib/x86_64-linux-gnu/libc-2.23.so
7f00579ea000-7f00579ec000 rw-p 001c4000 08:02 13899321                   /lib/x86_64-linux-gnu/libc-2.23.so
7f00579ec000-7f00579f0000 rw-p 00000000 00:00 0 
7f00579f0000-7f0057a08000 r-xp 00000000 08:02 13899320                   /lib/x86_64-linux-gnu/libpthread-2.23.so
7f0057a08000-7f0057c07000 ---p 00018000 08:02 13899320                   /lib/x86_64-linux-gnu/libpthread-2.23.so
7f0057c07000-7f0057c08000 r--p 00017000 08:02 13899320                   /lib/x86_64-linux-gnu/libpthread-2.23.so
7f0057c08000-7f0057c09000 rw-p 00018000 08:02 13899320                   /lib/x86_64-linux-gnu/libpthread-2.23.so
7f0057c09000-7f0057c0d000 rw-p 00000000 00:00 0 
7f0057c0d000-7f0057c33000 r-xp 00000000 08:02 13899319                   /lib/x86_64-linux-gnu/ld-2.23.so
7f0057e12000-7f0057e16000 rw-p 00000000 00:00 0 
7f0057e31000-7f0057e32000 rw-p 00000000 00:00 0 
7f0057e32000-7f0057e33000 r--p 00025000 08:02 13899319                   /lib/x86_64-linux-gnu/ld-2.23.so
7f0057e33000-7f0057e34000 rw-p 00026000 08:02 13899319                   /lib/x86_64-linux-gnu/ld-2.23.so
7f0057e34000-7f0057e35000 rw-p 00000000 00:00 0 
7ffdde3af000-7ffdde3d0000 rw-p 00000000 00:00 0                          [stack]
7ffdde3e6000-7ffdde3e9000 r--p 00000000 00:00 0                          [vvar]
7ffdde3e9000-7ffdde3eb000 r-xp 00000000 00:00 0                          [vdso]
ffffffffff600000-ffffffffff601000 r-xp 00000000 00:00 0                  [vsyscall]
*** Error in `/home/elfar009/INET4021/WebServerRepo/cmake-build-debug/WebServerRepo': free(): invalid pointer: 0x00007fe3bc0008cd ***
======= Backtrace: =========
/lib/x86_64-linux-gnu/libc.so.6(+0x777e5)[0x7fe3c47cc7e5]
/lib/x86_64-linux-gnu/libc.so.6(+0x8037a)[0x7fe3c47d537a]
/lib/x86_64-linux-gnu/libc.so.6(cfree+0x4c)[0x7fe3c47d953c]
/home/elfar009/INET4021/WebServerRepo/cmake-build-debug/WebServerRepo[0x4021c4]
/lib/x86_64-linux-gnu/libpthread.so.0(+0x76ba)[0x7fe3c4b266ba]
/lib/x86_64-linux-gnu/libc.so.6(clone+0x6d)[0x7fe3c485c41d]
======= Memory map: ========
00400000-00403000 r-xp 00000000 08:02 14025977                           /home/elfar009/INET4021/WebServerRepo/cmake-build-debug/WebServerRepo
00603000-00604000 r--p 00003000 08:02 14025977                           /home/elfar009/INET4021/WebServerRepo/cmake-build-debug/WebServerRepo
00604000-00605000 rw-p 00004000 08:02 14025977                           /home/elfar009/INET4021/WebServerRepo/cmake-build-debug/WebServerRepo
01260000-01281000 rw-p 00000000 00:00 0                                  [heap]
7fe3ac000000-7fe3ac021000 rw-p 00000000 00:00 0 
7fe3ac021000-7fe3b0000000 ---p 00000000 00:00 0 
7fe3b4000000-7fe3b4021000 rw-p 00000000 00:00 0 
7fe3b4021000-7fe3b8000000 ---p 00000000 00:00 0 
7fe3bc000000-7fe3bc021000 rw-p 00000000 00:00 0 
7fe3bc021000-7fe3c0000000 ---p 00000000 00:00 0 
7fe3c2b2a000-7fe3c2b40000 r-xp 00000000 08:02 13898127                   /lib/x86_64-linux-gnu/libgcc_s.so.1
7fe3c2b40000-7fe3c2d3f000 ---p 00016000 08:02 13898127                   /lib/x86_64-linux-gnu/libgcc_s.so.1
7fe3c2d3f000-7fe3c2d40000 rw-p 00015000 08:02 13898127                   /lib/x86_64-linux-gnu/libgcc_s.so.1
7fe3c2d40000-7fe3c2d41000 ---p 00000000 00:00 0 
7fe3c2d41000-7fe3c3541000 rw-p 00000000 00:00 0 
7fe3c3541000-7fe3c3542000 ---p 00000000 00:00 0 
7fe3c3542000-7fe3c3d42000 rw-p 00000000 00:00 0 
7fe3c3d42000-7fe3c3d43000 ---p 00000000 00:00 0 
7fe3c3d43000-7fe3c4543000 rw-p 00000000 00:00 0 
7fe3c4543000-7fe3c454e000 r-xp 00000000 08:02 13899334                   /lib/x86_64-linux-gnu/libnss_files-2.23.so
7fe3c454e000-7fe3c474d000 ---p 0000b000 08:02 13899334                   /lib/x86_64-linux-gnu/libnss_files-2.23.so
7fe3c474d000-7fe3c474e000 r--p 0000a000 08:02 13899334                   /lib/x86_64-linux-gnu/libnss_files-2.23.so
7fe3c474e000-7fe3c474f000 rw-p 0000b000 08:02 13899334                   /lib/x86_64-linux-gnu/libnss_files-2.23.so
7fe3c474f000-7fe3c4755000 rw-p 00000000 00:00 0 
7fe3c4755000-7fe3c4915000 r-xp 00000000 08:02 13899321                   /lib/x86_64-linux-gnu/libc-2.23.so
7fe3c4915000-7fe3c4b15000 ---p 001c0000 08:02 13899321                   /lib/x86_64-linux-gnu/libc-2.23.so
7fe3c4b15000-7fe3c4b19000 r--p 001c0000 08:02 13899321                   /lib/x86_64-linux-gnu/libc-2.23.so
7fe3c4b19000-7fe3c4b1b000 rw-p 001c4000 08:02 13899321                   /lib/x86_64-linux-gnu/libc-2.23.so
7fe3c4b1b000-7fe3c4b1f000 rw-p 00000000 00:00 0 
7fe3c4b1f000-7fe3c4b37000 r-xp 00000000 08:02 13899320                   /lib/x86_64-linux-gnu/libpthread-2.23.so
7fe3c4b37000-7fe3c4d36000 ---p 00018000 08:02 13899320                   /lib/x86_64-linux-gnu/libpthread-2.23.so
7fe3c4d36000-7fe3c4d37000 r--p 00017000 08:02 13899320                   /lib/x86_64-linux-gnu/libpthread-2.23.so
7fe3c4d37000-7fe3c4d38000 rw-p 00018000 08:02 13899320                   /lib/x86_64-linux-gnu/libpthread-2.23.so
7fe3c4d38000-7fe3c4d3c000 rw-p 00000000 00:00 0 
7fe3c4d3c000-7fe3c4d62000 r-xp 00000000 08:02 13899319                   /lib/x86_64-linux-gnu/ld-2.23.so
7fe3c4f41000-7fe3c4f45000 rw-p 00000000 00:00 0 
7fe3c4f60000-7fe3c4f61000 rw-p 00000000 00:00 0 
7fe3c4f61000-7fe3c4f62000 r--p 00025000 08:02 13899319                   /lib/x86_64-linux-gnu/ld-2.23.so
7fe3c4f62000-7fe3c4f63000 rw-p 00026000 08:02 13899319                   /lib/x86_64-linux-gnu/ld-2.23.so
7fe3c4f63000-7fe3c4f64000 rw-p 00000000 00:00 0 
7ffc18828000-7ffc18849000 rw-p 00000000 00:00 0                          [stack]
7ffc18953000-7ffc18956000 r--p 00000000 00:00 0                          [vvar]
7ffc18956000-7ffc18958000 r-xp 00000000 00:00 0                          [vdso]
ffffffffff600000-ffffffffff601000 r-xp 00000000 00:00 0                  [vsyscall]
*** Error in `/home/elfar009/INET4021/WebServerRepo/cmake-build-debug/WebServerRepo': munmap_chunk(): invalid pointer: 0x00007f4a780027f9 ***
======= Backtrace: =========
/lib/x86_64-linux-gnu/libc.so.6(+0x777e5)[0x7f4a7eebc7e5]
/lib/x86_64-linux-gnu/libc.so.6(cfree+0x1a8)[0x7f4a7eec9698]
/home/elfar009/INET4021/WebServerRepo/cmake-build-debug/WebServerRepo[0x401f5c]
/lib/x86_64-linux-gnu/libpthread.so.0(+0x76ba)[0x7f4a7f2166ba]
/lib/x86_64-linux-gnu/libc.so.6(clone+0x6d)[0x7f4a7ef4c41d]
======= Memory map: ========
00400000-00403000 r-xp 00000000 08:02 14025977                           /home/elfar009/INET4021/WebServerRepo/cmake-build-debug/WebServerRepo
00603000-00604000 r--p 00003000 08:02 14025977                           /home/elfar009/INET4021/WebServerRepo/cmake-build-debug/WebServerRepo
00604000-00605000 rw-p 00004000 08:02 14025977                           /home/elfar009/INET4021/WebServerRepo/cmake-build-debug/WebServerRepo
02056000-02077000 rw-p 00000000 00:00 0                                  [heap]
7f4a70000000-7f4a70021000 rw-p 00000000 00:00 0 
7f4a70021000-7f4a74000000 ---p 00000000 00:00 0 
7f4a78000000-7f4a78021000 rw-p 00000000 00:00 0 
7f4a78021000-7f4a7c000000 ---p 00000000 00:00 0 
7f4a7da1b000-7f4a7da31000 r-xp 00000000 08:02 13898127                   /lib/x86_64-linux-gnu/libgcc_s.so.1
7f4a7da31000-7f4a7dc30000 ---p 00016000 08:02 13898127                   /lib/x86_64-linux-gnu/libgcc_s.so.1
7f4a7dc30000-7f4a7dc31000 rw-p 00015000 08:02 13898127                   /lib/x86_64-linux-gnu/libgcc_s.so.1
7f4a7dc31000-7f4a7dc32000 ---p 00000000 00:00 0 
7f4a7dc32000-7f4a7e432000 rw-p 00000000 00:00 0 
7f4a7e432000-7f4a7e433000 ---p 00000000 00:00 0 
7f4a7e433000-7f4a7ec33000 rw-p 00000000 00:00 0 
7f4a7ec33000-7f4a7ec3e000 r-xp 00000000 08:02 13899334                   /lib/x86_64-linux-gnu/libnss_files-2.23.so
7f4a7ec3e000-7f4a7ee3d000 ---p 0000b000 08:02 13899334                   /lib/x86_64-linux-gnu/libnss_files-2.23.so
7f4a7ee3d000-7f4a7ee3e000 r--p 0000a000 08:02 13899334                   /lib/x86_64-linux-gnu/libnss_files-2.23.so
7f4a7ee3e000-7f4a7ee3f000 rw-p 0000b000 08:02 13899334                   /lib/x86_64-linux-gnu/libnss_files-2.23.so
7f4a7ee3f000-7f4a7ee45000 rw-p 00000000 00:00 0 
7f4a7ee45000-7f4a7f005000 r-xp 00000000 08:02 13899321                   /lib/x86_64-linux-gnu/libc-2.23.so
7f4a7f005000-7f4a7f205000 ---p 001c0000 08:02 13899321                   /lib/x86_64-linux-gnu/libc-2.23.so
7f4a7f205000-7f4a7f209000 r--p 001c0000 08:02 13899321                   /lib/x86_64-linux-gnu/libc-2.23.so
7f4a7f209000-7f4a7f20b000 rw-p 001c4000 08:02 13899321                   /lib/x86_64-linux-gnu/libc-2.23.so
7f4a7f20b000-7f4a7f20f000 rw-p 00000000 00:00 0 
7f4a7f20f000-7f4a7f227000 r-xp 00000000 08:02 13899320                   /lib/x86_64-linux-gnu/libpthread-2.23.so
7f4a7f227000-7f4a7f426000 ---p 00018000 08:02 13899320                   /lib/x86_64-linux-gnu/libpthread-2.23.so
7f4a7f426000-7f4a7f427000 r--p 00017000 08:02 13899320                   /lib/x86_64-linux-gnu/libpthread-2.23.so
7f4a7f427000-7f4a7f428000 rw-p 00018000 08:02 13899320                   /lib/x86_64-linux-gnu/libpthread-2.23.so
7f4a7f428000-7f4a7f42c000 rw-p 00000000 00:00 0 
7f4a7f42c000-7f4a7f452000 r-xp 00000000 08:02 13899319                   /lib/x86_64-linux-gnu/ld-2.23.so
7f4a7f631000-7f4a7f635000 rw-p 00000000 00:00 0 
7f4a7f650000-7f4a7f651000 rw-p 00000000 00:00 0 
7f4a7f651000-7f4a7f652000 r--p 00025000 08:02 13899319                   /lib/x86_64-linux-gnu/ld-2.23.so
7f4a7f652000-7f4a7f653000 rw-p 00026000 08:02 13899319                   /lib/x86_64-linux-gnu/ld-2.23.so
7f4a7f653000-7f4a7f654000 rw-p 00000000 00:00 0 
7fffac0d7000-7fffac0f8000 rw-p 00000000 00:00 0                          [stack]
7fffac1f9000-7fffac1fc000 r--p 00000000 00:00 0                          [vvar]
7fffac1fc000-7fffac1fe000 r-xp 00000000 00:00 0                          [vdso]
ffffffffff600000-ffffffffff601000 r-xp 00000000 00:00 0                  [vsyscall]
*** Error in `/home/elfar009/INET4021/WebServerRepo/cmake-build-debug/WebServerRepo': munmap_chunk(): invalid pointer: 0x00007f4a78003259 ***
======= Backtrace: =========
/lib/x86_64-linux-gnu/libc.so.6(+0x777e5)[0x7f4a7eebc7e5]
/lib/x86_64-linux-gnu/libc.so.6(cfree+0x1a8)[0x7f4a7eec9698]
/home/elfar009/INET4021/WebServerRepo/cmake-build-debug/WebServerRepo[0x401f5c]
/lib/x86_64-linux-gnu/libpthread.so.0(+0x76ba)[0x7f4a7f2166ba]
/lib/x86_64-linux-gnu/libc.so.6(clone+0x6d)[0x7f4a7ef4c41d]
======= Memory map: ========
00400000-00403000 r-xp 00000000 08:02 14025977                           /home/elfar009/INET4021/WebServerRepo/cmake-build-debug/WebServerRepo
00603000-00604000 r--p 00003000 08:02 14025977                           /home/elfar009/INET4021/WebServerRepo/cmake-build-debug/WebServerRepo
00604000-00605000 rw-p 00004000 08:02 14025977                           /home/elfar009/INET4021/WebServerRepo/cmake-build-debug/WebServerRepo
02056000-02077000 rw-p 00000000 00:00 0                                  [heap]
7f4a70000000-7f4a70021000 rw-p 00000000 00:00 0 
7f4a70021000-7f4a74000000 ---p 00000000 00:00 0 
7f4a78000000-7f4a78021000 rw-p 00000000 00:00 0 
7f4a78021000-7f4a7c000000 ---p 00000000 00:00 0 
7f4a7da1b000-7f4a7da31000 r-xp 00000000 08:02 13898127                   /lib/x86_64-linux-gnu/libgcc_s.so.1
7f4a7da31000-7f4a7dc30000 ---p 00016000 08:02 13898127                   /lib/x86_64-linux-gnu/libgcc_s.so.1
7f4a7dc30000-7f4a7dc31000 rw-p 00015000 08:02 13898127                   /lib/x86_64-linux-gnu/libgcc_s.so.1
7f4a7dc31000-7f4a7dc32000 ---p 00000000 00:00 0 
7f4a7dc32000-7f4a7e432000 rw-p 00000000 00:00 0 
7f4a7e432000-7f4a7e433000 ---p 00000000 00:00 0 
7f4a7e433000-7f4a7ec33000 rw-p 00000000 00:00 0 
7f4a7ec33000-7f4a7ec3e000 r-xp 00000000 08:02 13899334                   /lib/x86_64-linux-gnu/libnss_files-2.23.so
7f4a7ec3e000-7f4a7ee3d000 ---p 0000b000 08:02 13899334                   /lib/x86_64-linux-gnu/libnss_files-2.23.so
7f4a7ee3d000-7f4a7ee3e000 r--p 0000a000 08:02 13899334                   /lib/x86_64-linux-gnu/libnss_files-2.23.so
7f4a7ee3e000-7f4a7ee3f000 rw-p 0000b000 08:02 13899334                   /lib/x86_64-linux-gnu/libnss_files-2.23.so
7f4a7ee3f000-7f4a7ee45000 rw-p 00000000 00:00 0 
7f4a7ee45000-7f4a7f005000 r-xp 00000000 08:02 13899321                   /lib/x86_64-linux-gnu/libc-2.23.so
7f4a7f005000-7f4a7f205000 ---p 001c0000 08:02 13899321                   /lib/x86_64-linux-gnu/libc-2.23.so
7f4a7f205000-7f4a7f209000 r--p 001c0000 08:02 13899321                   /lib/x86_64-linux-gnu/libc-2.23.so
7f4a7f209000-7f4a7f20b000 rw-p 001c4000 08:02 13899321                   /lib/x86_64-linux-gnu/libc-2.23.so
7f4a7f20b000-7f4a7f20f000 rw-p 00000000 00:00 0 
7f4a7f20f000-7f4a7f227000 r-xp 00000000 08:02 13899320                   /lib/x86_64-linux-gnu/libpthread-2.23.so
7f4a7f227000-7f4a7f426000 ---p 00018000 08:02 13899320                   /lib/x86_64-linux-gnu/libpthread-2.23.so
7f4a7f426000-7f4a7f427000 r--p 00017000 08:02 13899320                   /lib/x86_64-linux-gnu/libpthread-2.23.so
7f4a7f427000-7f4a7f428000 rw-p 00018000 08:02 13899320                   /lib/x86_64-linux-gnu/libpthread-2.23.so
7f4a7f428000-7f4a7f42c000 rw-p 00000000 00:00 0 
7f4a7f42c000-7f4a7f452000 r-xp 00000000 08:02 13899319                   /lib/x86_64-linux-gnu/ld-2.23.so
7f4a7f631000-7f4a7f635000 rw-p 00000000 00:00 0 
7f4a7f650000-7f4a7f651000 rw-p 00000000 00:00 0 
7f4a7f651000-7f4a7f652000 r--p 00025000 08:02 13899319                   /lib/x86_64-linux-gnu/ld-2.23.so
7f4a7f652000-7f4a7f653000 rw-p 00026000 08:02 13899319                   /lib/x86_64-linux-gnu/ld-2.23.so
7f4a7f653000-7f4a7f654000 rw-p 00000000 00:00 0 
7fffac0d7000-7fffac0f8000 rw-p 00000000 00:00 0                          [stack]
7fffac1f9000-7fffac1fc000 r--p 00000000 00:00 0                          [vvar]
7fffac1fc000-7fffac1fe000 r-xp 00000000 00:00 0                          [vdso]
ffffffffff600000-ffffffffff601000 r-xp 00000000 00:00 0                  [vsyscall]
*** Error in `/home/elfar009/INET4021/WebServerRepo/cmake-build-debug/WebServerRepo': munmap_chunk(): invalid pointer: 0x00007f4a78003cb9 ***
======= Backtrace: =========
/lib/x86_64-linux-gnu/libc.so.6(+0x777e5)[0x7f4a7eebc7e5]
/lib/x86_64-linux-gnu/libc.so.6(cfree+0x1a8)[0x7f4a7eec9698]
/home/elfar009/INET4021/WebServerRepo/cmake-build-debug/WebServerRepo[0x401f5c]
/lib/x86_64-linux-gnu/libpthread.so.0(+0x76ba)[0x7f4a7f2166ba]
/lib/x86_64-linux-gnu/libc.so.6(clone+0x6d)[0x7f4a7ef4c41d]
======= Memory map: ========
00400000-00403000 r-xp 00000000 08:02 14025977                           /home/elfar009/INET4021/WebServerRepo/cmake-build-debug/WebServerRepo
00603000-00604000 r--p 00003000 08:02 14025977                           /home/elfar009/INET4021/WebServerRepo/cmake-build-debug/WebServerRepo
00604000-00605000 rw-p 00004000 08:02 14025977                           /home/elfar009/INET4021/WebServerRepo/cmake-build-debug/WebServerRepo
02056000-02077000 rw-p 00000000 00:00 0                                  [heap]
7f4a70000000-7f4a70021000 rw-p 00000000 00:00 0 
7f4a70021000-7f4a74000000 ---p 00000000 00:00 0 
7f4a78000000-7f4a78021000 rw-p 00000000 00:00 0 
7f4a78021000-7f4a7c000000 ---p 00000000 00:00 0 
7f4a7da1b000-7f4a7da31000 r-xp 00000000 08:02 13898127                   /lib/x86_64-linux-gnu/libgcc_s.so.1
7f4a7da31000-7f4a7dc30000 ---p 00016000 08:02 13898127                   /lib/x86_64-linux-gnu/libgcc_s.so.1
7f4a7dc30000-7f4a7dc31000 rw-p 00015000 08:02 13898127                   /lib/x86_64-linux-gnu/libgcc_s.so.1
7f4a7dc31000-7f4a7dc32000 ---p 00000000 00:00 0 
7f4a7dc32000-7f4a7e432000 rw-p 00000000 00:00 0 
7f4a7e432000-7f4a7e433000 ---p 00000000 00:00 0 
7f4a7e433000-7f4a7ec33000 rw-p 00000000 00:00 0 
7f4a7ec33000-7f4a7ec3e000 r-xp 00000000 08:02 13899334                   /lib/x86_64-linux-gnu/libnss_files-2.23.so
7f4a7ec3e000-7f4a7ee3d000 ---p 0000b000 08:02 13899334                   /lib/x86_64-linux-gnu/libnss_files-2.23.so
7f4a7ee3d000-7f4a7ee3e000 r--p 0000a000 08:02 13899334                   /lib/x86_64-linux-gnu/libnss_files-2.23.so
7f4a7ee3e000-7f4a7ee3f000 rw-p 0000b000 08:02 13899334                   /lib/x86_64-linux-gnu/libnss_files-2.23.so
7f4a7ee3f000-7f4a7ee45000 rw-p 00000000 00:00 0 
7f4a7ee45000-7f4a7f005000 r-xp 00000000 08:02 13899321                   /lib/x86_64-linux-gnu/libc-2.23.so
7f4a7f005000-7f4a7f205000 ---p 001c0000 08:02 13899321                   /lib/x86_64-linux-gnu/libc-2.23.so
7f4a7f205000-7f4a7f209000 r--p 001c0000 08:02 13899321                   /lib/x86_64-linux-gnu/libc-2.23.so
7f4a7f209000-7f4a7f20b000 rw-p 001c4000 08:02 13899321                   /lib/x86_64-linux-gnu/libc-2.23.so
7f4a7f20b000-7f4a7f20f000 rw-p 00000000 00:00 0 
7f4a7f20f000-7f4a7f227000 r-xp 00000000 08:02 13899320                   /lib/x86_64-linux-gnu/libpthread-2.23.so
7f4a7f227000-7f4a7f426000 ---p 00018000 08:02 13899320                   /lib/x86_64-linux-gnu/libpthread-2.23.so
7f4a7f426000-7f4a7f427000 r--p 00017000 08:02 13899320                   /lib/x86_64-linux-gnu/libpthread-2.23.so
7f4a7f427000-7f4a7f428000 rw-p 00018000 08:02 13899320                   /lib/x86_64-linux-gnu/libpthread-2.23.so
7f4a7f428000-7f4a7f42c000 rw-p 00000000 00:00 0 
7f4a7f42c000-7f4a7f452000 r-xp 00000000 08:02 13899319                   /lib/x86_64-linux-gnu/ld-2.23.so
7f4a7f631000-7f4a7f635000 rw-p 00000000 00:00 0 
7f4a7f650000-7f4a7f651000 rw-p 00000000 00:00 0 
7f4a7f651000-7f4a7f652000 r--p 00025000 08:02 13899319                   /lib/x86_64-linux-gnu/ld-2.23.so
7f4a7f652000-7f4a7f653000 rw-p 00026000 08:02 13899319                   /lib/x86_64-linux-gnu/ld-2.23.so
7f4a7f653000-7f4a7f654000 rw-p 00000000 00:00 0 
7fffac0d7000-7fffac0f8000 rw-p 00000000 00:00 0                          [stack]
7fffac1f9000-7fffac1fc000 r--p 00000000 00:00 0                          [vvar]
7fffac1fc000-7fffac1fe000 r-xp 00000000 00:00 0                          [vdso]
ffffffffff600000-ffffffffff601000 r-xp 00000000 00:00 0                  [vsyscall]
*** Error in `/home/elfar009/INET4021/WebServerRepo/cmake-build-debug/WebServerRepo': munmap_chunk(): invalid pointer: 0x00007f4a78004719 ***
======= Backtrace: =========
/lib/x86_64-linux-gnu/libc.so.6(+0x777e5)[0x7f4a7eebc7e5]
/lib/x86_64-linux-gnu/libc.so.6(cfree+0x1a8)[0x7f4a7eec9698]
/home/elfar009/INET4021/WebServerRepo/cmake-build-debug/WebServerRepo[0x401f5c]
/lib/x86_64-linux-gnu/libpthread.so.0(+0x76ba)[0x7f4a7f2166ba]
/lib/x86_64-linux-gnu/libc.so.6(clone+0x6d)[0x7f4a7ef4c41d]
======= Memory map: ========
00400000-00403000 r-xp 00000000 08:02 14025977                           /home/elfar009/INET4021/WebServerRepo/cmake-build-debug/WebServerRepo
00603000-00604000 r--p 00003000 08:02 14025977                           /home/elfar009/INET4021/WebServerRepo/cmake-build-debug/WebServerRepo
00604000-00605000 rw-p 00004000 08:02 14025977                           /home/elfar009/INET4021/WebServerRepo/cmake-build-debug/WebServerRepo
02056000-02077000 rw-p 00000000 00:00 0                                  [heap]
7f4a70000000-7f4a70021000 rw-p 00000000 00:00 0 
7f4a70021000-7f4a74000000 ---p 00000000 00:00 0 
7f4a78000000-7f4a78021000 rw-p 00000000 00:00 0 
7f4a78021000-7f4a7c000000 ---p 00000000 00:00 0 
7f4a7da1b000-7f4a7da31000 r-xp 00000000 08:02 13898127                   /lib/x86_64-linux-gnu/libgcc_s.so.1
7f4a7da31000-7f4a7dc30000 ---p 00016000 08:02 13898127                   /lib/x86_64-linux-gnu/libgcc_s.so.1
7f4a7dc30000-7f4a7dc31000 rw-p 00015000 08:02 13898127                   /lib/x86_64-linux-gnu/libgcc_s.so.1
7f4a7dc31000-7f4a7dc32000 ---p 00000000 00:00 0 
7f4a7dc32000-7f4a7e432000 rw-p 00000000 00:00 0 
7f4a7e432000-7f4a7e433000 ---p 00000000 00:00 0 
7f4a7e433000-7f4a7ec33000 rw-p 00000000 00:00 0 
7f4a7ec33000-7f4a7ec3e000 r-xp 00000000 08:02 13899334                   /lib/x86_64-linux-gnu/libnss_files-2.23.so
7f4a7ec3e000-7f4a7ee3d000 ---p 0000b000 08:02 13899334                   /lib/x86_64-linux-gnu/libnss_files-2.23.so
7f4a7ee3d000-7f4a7ee3e000 r--p 0000a000 08:02 13899334                   /lib/x86_64-linux-gnu/libnss_files-2.23.so
7f4a7ee3e000-7f4a7ee3f000 rw-p 0000b000 08:02 13899334                   /lib/x86_64-linux-gnu/libnss_files-2.23.so
7f4a7ee3f000-7f4a7ee45000 rw-p 00000000 00:00 0 
7f4a7ee45000-7f4a7f005000 r-xp 00000000 08:02 13899321                   /lib/x86_64-linux-gnu/libc-2.23.so
7f4a7f005000-7f4a7f205000 ---p 001c0000 08:02 13899321                   /lib/x86_64-linux-gnu/libc-2.23.so
7f4a7f205000-7f4a7f209000 r--p 001c0000 08:02 13899321                   /lib/x86_64-linux-gnu/libc-2.23.so
7f4a7f209000-7f4a7f20b000 rw-p 001c4000 08:02 13899321                   /lib/x86_64-linux-gnu/libc-2.23.so
7f4a7f20b000-7f4a7f20f000 rw-p 00000000 00:00 0 
7f4a7f20f000-7f4a7f227000 r-xp 00000000 08:02 13899320                   /lib/x86_64-linux-gnu/libpthread-2.23.so
7f4a7f227000-7f4a7f426000 ---p 00018000 08:02 13899320                   /lib/x86_64-linux-gnu/libpthread-2.23.so
7f4a7f426000-7f4a7f427000 r--p 00017000 08:02 13899320                   /lib/x86_64-linux-gnu/libpthread-2.23.so
7f4a7f427000-7f4a7f428000 rw-p 00018000 08:02 13899320                   /lib/x86_64-linux-gnu/libpthread-2.23.so
7f4a7f428000-7f4a7f42c000 rw-p 00000000 00:00 0 
7f4a7f42c000-7f4a7f452000 r-xp 00000000 08:02 13899319                   /lib/x86_64-linux-gnu/ld-2.23.so
7f4a7f631000-7f4a7f635000 rw-p 00000000 00:00 0 
7f4a7f650000-7f4a7f651000 rw-p 00000000 00:00 0 
7f4a7f651000-7f4a7f652000 r--p 00025000 08:02 13899319                   /lib/x86_64-linux-gnu/ld-2.23.so
7f4a7f652000-7f4a7f653000 rw-p 00026000 08:02 13899319                   /lib/x86_64-linux-gnu/ld-2.23.so
7f4a7f653000-7f4a7f654000 rw-p 00000000 00:00 0 
7fffac0d7000-7fffac0f8000 rw-p 00000000 00:00 0                          [stack]
7fffac1f9000-7fffac1fc000 r--p 00000000 00:00 0                          [vvar]
7fffac1fc000-7fffac1fe000 r-xp 00000000 00:00 0                          [vdso]
ffffffffff600000-ffffffffff601000 r-xp 00000000 00:00 0                  [vsyscall]
*** Error in `/home/elfar009/INET4021/WebServerRepo/cmake-build-debug/WebServerRepo': munmap_chunk(): invalid pointer: 0x00007f5da80027f9 ***
======= Backtrace: =========
/lib/x86_64-linux-gnu/libc.so.6(+0x777e5)[0x7f5dafcb97e5]
/lib/x86_64-linux-gnu/libc.so.6(cfree+0x1a8)[0x7f5dafcc6698]
/home/elfar009/INET4021/WebServerRepo/cmake-build-debug/WebServerRepo[0x401f5c]
/lib/x86_64-linux-gnu/libpthread.so.0(+0x76ba)[0x7f5db00136ba]
/lib/x86_64-linux-gnu/libc.so.6(clone+0x6d)[0x7f5dafd4941d]
======= Memory map: ========
00400000-00403000 r-xp 00000000 08:02 14025977                           /home/elfar009/INET4021/WebServerRepo/cmake-build-debug/WebServerRepo
00603000-00604000 r--p 00003000 08:02 14025977                           /home/elfar009/INET4021/WebServerRepo/cmake-build-debug/WebServerRepo
00604000-00605000 rw-p 00004000 08:02 14025977                           /home/elfar009/INET4021/WebServerRepo/cmake-build-debug/WebServerRepo
01bc6000-01be7000 rw-p 00000000 00:00 0                                  [heap]
7f5da8000000-7f5da8021000 rw-p 00000000 00:00 0 
7f5da8021000-7f5dac000000 ---p 00000000 00:00 0 
7f5daf019000-7f5daf02f000 r-xp 00000000 08:02 13898127                   /lib/x86_64-linux-gnu/libgcc_s.so.1
7f5daf02f000-7f5daf22e000 ---p 00016000 08:02 13898127                   /lib/x86_64-linux-gnu/libgcc_s.so.1
7f5daf22e000-7f5daf22f000 rw-p 00015000 08:02 13898127                   /lib/x86_64-linux-gnu/libgcc_s.so.1
7f5daf22f000-7f5daf230000 ---p 00000000 00:00 0 
7f5daf230000-7f5dafa30000 rw-p 00000000 00:00 0 
7f5dafa30000-7f5dafa3b000 r-xp 00000000 08:02 13899334                   /lib/x86_64-linux-gnu/libnss_files-2.23.so
7f5dafa3b000-7f5dafc3a000 ---p 0000b000 08:02 13899334                   /lib/x86_64-linux-gnu/libnss_files-2.23.so
7f5dafc3a000-7f5dafc3b000 r--p 0000a000 08:02 13899334                   /lib/x86_64-linux-gnu/libnss_files-2.23.so
7f5dafc3b000-7f5dafc3c000 rw-p 0000b000 08:02 13899334                   /lib/x86_64-linux-gnu/libnss_files-2.23.so
7f5dafc3c000-7f5dafc42000 rw-p 00000000 00:00 0 
7f5dafc42000-7f5dafe02000 r-xp 00000000 08:02 13899321                   /lib/x86_64-linux-gnu/libc-2.23.so
7f5dafe02000-7f5db0002000 ---p 001c0000 08:02 13899321                   /lib/x86_64-linux-gnu/libc-2.23.so
7f5db0002000-7f5db0006000 r--p 001c0000 08:02 13899321                   /lib/x86_64-linux-gnu/libc-2.23.so
7f5db0006000-7f5db0008000 rw-p 001c4000 08:02 13899321                   /lib/x86_64-linux-gnu/libc-2.23.so
7f5db0008000-7f5db000c000 rw-p 00000000 00:00 0 
7f5db000c000-7f5db0024000 r-xp 00000000 08:02 13899320                   /lib/x86_64-linux-gnu/libpthread-2.23.so
7f5db0024000-7f5db0223000 ---p 00018000 08:02 13899320                   /lib/x86_64-linux-gnu/libpthread-2.23.so
7f5db0223000-7f5db0224000 r--p 00017000 08:02 13899320                   /lib/x86_64-linux-gnu/libpthread-2.23.so
7f5db0224000-7f5db0225000 rw-p 00018000 08:02 13899320                   /lib/x86_64-linux-gnu/libpthread-2.23.so
7f5db0225000-7f5db0229000 rw-p 00000000 00:00 0 
7f5db0229000-7f5db024f000 r-xp 00000000 08:02 13899319                   /lib/x86_64-linux-gnu/ld-2.23.so
7f5db042e000-7f5db0432000 rw-p 00000000 00:00 0 
7f5db044d000-7f5db044e000 rw-p 00000000 00:00 0 
7f5db044e000-7f5db044f000 r--p 00025000 08:02 13899319                   /lib/x86_64-linux-gnu/ld-2.23.so
7f5db044f000-7f5db0450000 rw-p 00026000 08:02 13899319                   /lib/x86_64-linux-gnu/ld-2.23.so
7f5db0450000-7f5db0451000 rw-p 00000000 00:00 0 
7ffd2828c000-7ffd282ad000 rw-p 00000000 00:00 0                          [stack]
7ffd2836b000-7ffd2836e000 r--p 00000000 00:00 0                          [vvar]
7ffd2836e000-7ffd28370000 r-xp 00000000 00:00 0                          [vdso]
ffffffffff600000-ffffffffff601000 r-xp 00000000 00:00 0                  [vsyscall]
*** Error in `/home/elfar009/INET4021/WebServerRepo/cmake-build-debug/WebServerRepo': munmap_chunk(): invalid pointer: 0x00007f5da8003259 ***
======= Backtrace: =========
/lib/x86_64-linux-gnu/libc.so.6(+0x777e5)[0x7f5dafcb97e5]
/lib/x86_64-linux-gnu/libc.so.6(cfree+0x1a8)[0x7f5dafcc6698]
/home/elfar009/INET4021/WebServerRepo/cmake-build-debug/WebServerRepo[0x401f5c]
/lib/x86_64-linux-gnu/libpthread.so.0(+0x76ba)[0x7f5db00136ba]
/lib/x86_64-linux-gnu/libc.so.6(clone+0x6d)[0x7f5dafd4941d]
======= Memory map: ========
00400000-00403000 r-xp 00000000 08:02 14025977                           /home/elfar009/INET4021/WebServerRepo/cmake-build-debug/WebServerRepo
00603000-00604000 r--p 00003000 08:02 14025977                           /home/elfar009/INET4021/WebServerRepo/cmake-build-debug/WebServerRepo
00604000-00605000 rw-p 00004000 08:02 14025977                           /home/elfar009/INET4021/WebServerRepo/cmake-build-debug/WebServerRepo
01bc6000-01be7000 rw-p 00000000 00:00 0                                  [heap]
7f5da8000000-7f5da8021000 rw-p 00000000 00:00 0 
7f5da8021000-7f5dac000000 ---p 00000000 00:00 0 
7f5daf019000-7f5daf02f000 r-xp 00000000 08:02 13898127                   /lib/x86_64-linux-gnu/libgcc_s.so.1
7f5daf02f000-7f5daf22e000 ---p 00016000 08:02 13898127                   /lib/x86_64-linux-gnu/libgcc_s.so.1
7f5daf22e000-7f5daf22f000 rw-p 00015000 08:02 13898127                   /lib/x86_64-linux-gnu/libgcc_s.so.1
7f5daf22f000-7f5daf230000 ---p 00000000 00:00 0 
7f5daf230000-7f5dafa30000 rw-p 00000000 00:00 0 
7f5dafa30000-7f5dafa3b000 r-xp 00000000 08:02 13899334                   /lib/x86_64-linux-gnu/libnss_files-2.23.so
7f5dafa3b000-7f5dafc3a000 ---p 0000b000 08:02 13899334                   /lib/x86_64-linux-gnu/libnss_files-2.23.so
7f5dafc3a000-7f5dafc3b000 r--p 0000a000 08:02 13899334                   /lib/x86_64-linux-gnu/libnss_files-2.23.so
7f5dafc3b000-7f5dafc3c000 rw-p 0000b000 08:02 13899334                   /lib/x86_64-linux-gnu/libnss_files-2.23.so
7f5dafc3c000-7f5dafc42000 rw-p 00000000 00:00 0 
7f5dafc42000-7f5dafe02000 r-xp 00000000 08:02 13899321                   /lib/x86_64-linux-gnu/libc-2.23.so
7f5dafe02000-7f5db0002000 ---p 001c0000 08:02 13899321                   /lib/x86_64-linux-gnu/libc-2.23.so
7f5db0002000-7f5db0006000 r--p 001c0000 08:02 13899321                   /lib/x86_64-linux-gnu/libc-2.23.so
7f5db0006000-7f5db0008000 rw-p 001c4000 08:02 13899321                   /lib/x86_64-linux-gnu/libc-2.23.so
7f5db0008000-7f5db000c000 rw-p 00000000 00:00 0 
7f5db000c000-7f5db0024000 r-xp 00000000 08:02 13899320                   /lib/x86_64-linux-gnu/libpthread-2.23.so
7f5db0024000-7f5db0223000 ---p 00018000 08:02 13899320                   /lib/x86_64-linux-gnu/libpthread-2.23.so
7f5db0223000-7f5db0224000 r--p 00017000 08:02 13899320                   /lib/x86_64-linux-gnu/libpthread-2.23.so
7f5db0224000-7f5db0225000 rw-p 00018000 08:02 13899320                   /lib/x86_64-linux-gnu/libpthread-2.23.so
7f5db0225000-7f5db0229000 rw-p 00000000 00:00 0 
7f5db0229000-7f5db024f000 r-xp 00000000 08:02 13899319                   /lib/x86_64-linux-gnu/ld-2.23.so
7f5db042e000-7f5db0432000 rw-p 00000000 00:00 0 
7f5db044d000-7f5db044e000 rw-p 00000000 00:00 0 
7f5db044e000-7f5db044f000 r--p 00025000 08:02 13899319                   /lib/x86_64-linux-gnu/ld-2.23.so
7f5db044f000-7f5db0450000 rw-p 00026000 08:02 13899319                   /lib/x86_64-linux-gnu/ld-2.23.so
7f5db0450000-7f5db0451000 rw-p 00000000 00:00 0 
7ffd2828c000-7ffd282ad000 rw-p 00000000 00:00 0                          [stack]
7ffd2836b000-7ffd2836e000 r--p 00000000 00:00 0                          [vvar]
7ffd2836e000-7ffd28370000 r-xp 00000000 00:00 0                          [vdso]
ffffffffff600000-ffffffffff601000 r-xp 00000000 00:00 0                  [vsyscall]
*** Error in `/home/elfar009/INET4021/WebServerRepo/cmake-build-debug/WebServerRepo': munmap_chunk(): invalid pointer: 0x00007f5da8003cb9 ***
======= Backtrace: =========
/lib/x86_64-linux-gnu/libc.so.6(+0x777e5)[0x7f5dafcb97e5]
/lib/x86_64-linux-gnu/libc.so.6(cfree+0x1a8)[0x7f5dafcc6698]
/home/elfar009/INET4021/WebServerRepo/cmake-build-debug/WebServerRepo[0x401f5c]
/lib/x86_64-linux-gnu/libpthread.so.0(+0x76ba)[0x7f5db00136ba]
/lib/x86_64-linux-gnu/libc.so.6(clone+0x6d)[0x7f5dafd4941d]
======= Memory map: ========
00400000-00403000 r-xp 00000000 08:02 14025977                           /home/elfar009/INET4021/WebServerRepo/cmake-build-debug/WebServerRepo
00603000-00604000 r--p 00003000 08:02 14025977                           /home/elfar009/INET4021/WebServerRepo/cmake-build-debug/WebServerRepo
00604000-00605000 rw-p 00004000 08:02 14025977                           /home/elfar009/INET4021/WebServerRepo/cmake-build-debug/WebServerRepo
01bc6000-01be7000 rw-p 00000000 00:00 0                                  [heap]
7f5da8000000-7f5da8021000 rw-p 00000000 00:00 0 
7f5da8021000-7f5dac000000 ---p 00000000 00:00 0 
7f5daf019000-7f5daf02f000 r-xp 00000000 08:02 13898127                   /lib/x86_64-linux-gnu/libgcc_s.so.1
7f5daf02f000-7f5daf22e000 ---p 00016000 08:02 13898127                   /lib/x86_64-linux-gnu/libgcc_s.so.1
7f5daf22e000-7f5daf22f000 rw-p 00015000 08:02 13898127                   /lib/x86_64-linux-gnu/libgcc_s.so.1
7f5daf22f000-7f5daf230000 ---p 00000000 00:00 0 
7f5daf230000-7f5dafa30000 rw-p 00000000 00:00 0 
7f5dafa30000-7f5dafa3b000 r-xp 00000000 08:02 13899334                   /lib/x86_64-linux-gnu/libnss_files-2.23.so
7f5dafa3b000-7f5dafc3a000 ---p 0000b000 08:02 13899334                   /lib/x86_64-linux-gnu/libnss_files-2.23.so
7f5dafc3a000-7f5dafc3b000 r--p 0000a000 08:02 13899334                   /lib/x86_64-linux-gnu/libnss_files-2.23.so
7f5dafc3b000-7f5dafc3c000 rw-p 0000b000 08:02 13899334                   /lib/x86_64-linux-gnu/libnss_files-2.23.so
7f5dafc3c000-7f5dafc42000 rw-p 00000000 00:00 0 
7f5dafc42000-7f5dafe02000 r-xp 00000000 08:02 13899321                   /lib/x86_64-linux-gnu/libc-2.23.so
7f5dafe02000-7f5db0002000 ---p 001c0000 08:02 13899321                   /lib/x86_64-linux-gnu/libc-2.23.so
7f5db0002000-7f5db0006000 r--p 001c0000 08:02 13899321                   /lib/x86_64-linux-gnu/libc-2.23.so
7f5db0006000-7f5db0008000 rw-p 001c4000 08:02 13899321                   /lib/x86_64-linux-gnu/libc-2.23.so
7f5db0008000-7f5db000c000 rw-p 00000000 00:00 0 
7f5db000c000-7f5db0024000 r-xp 00000000 08:02 13899320                   /lib/x86_64-linux-gnu/libpthread-2.23.so
7f5db0024000-7f5db0223000 ---p 00018000 08:02 13899320                   /lib/x86_64-linux-gnu/libpthread-2.23.so
7f5db0223000-7f5db0224000 r--p 00017000 08:02 13899320                   /lib/x86_64-linux-gnu/libpthread-2.23.so
7f5db0224000-7f5db0225000 rw-p 00018000 08:02 13899320                   /lib/x86_64-linux-gnu/libpthread-2.23.so
7f5db0225000-7f5db0229000 rw-p 00000000 00:00 0 
7f5db0229000-7f5db024f000 r-xp 00000000 08:02 13899319                   /lib/x86_64-linux-gnu/ld-2.23.so
7f5db042e000-7f5db0432000 rw-p 00000000 00:00 0 
7f5db044d000-7f5db044e000 rw-p 00000000 00:00 0 
7f5db044e000-7f5db044f000 r--p 00025000 08:02 13899319                   /lib/x86_64-linux-gnu/ld-2.23.so
7f5db044f000-7f5db0450000 rw-p 00026000 08:02 13899319                   /lib/x86_64-linux-gnu/ld-2.23.so
7f5db0450000-7f5db0451000 rw-p 00000000 00:00 0 
7ffd2828c000-7ffd282ad000 rw-p 00000000 00:00 0                          [stack]
7ffd2836b000-7ffd2836e000 r--p 00000000 00:00 0                          [vvar]
7ffd2836e000-7ffd28370000 r-xp 00000000 00:00 0                          [vdso]
ffffffffff600000-ffffffffff601000 r-xp 00000000 00:00 0                  [vsyscall]
*** Error in `/home/elfar009/INET4021/WebServerRepo/cmake-build-debug/WebServerRepo': munmap_chunk(): invalid pointer: 0x00000000025f4e59 ***
======= Backtrace: =========
/lib/x86_64-linux-gnu/libc.so.6(+0x777e5)[0x7f6cf9f317e5]
/lib/x86_64-linux-gnu/libc.so.6(cfree+0x1a8)[0x7f6cf9f3e698]
/home/elfar009/INET4021/WebServerRepo/cmake-build-debug/WebServerRepo[0x402222]
/home/elfar009/INET4021/WebServerRepo/cmake-build-debug/WebServerRepo[0x40263f]
/lib/x86_64-linux-gnu/libc.so.6(__libc_start_main+0xf0)[0x7f6cf9eda830]
/home/elfar009/INET4021/WebServerRepo/cmake-build-debug/WebServerRepo[0x401459]
======= Memory map: ========
00400000-00403000 r-xp 00000000 08:02 14025977                           /home/elfar009/INET4021/WebServerRepo/cmake-build-debug/WebServerRepo
00603000-00604000 r--p 00003000 08:02 14025977                           /home/elfar009/INET4021/WebServerRepo/cmake-build-debug/WebServerRepo
00604000-00605000 rw-p 00004000 08:02 14025977                           /home/elfar009/INET4021/WebServerRepo/cmake-build-debug/WebServerRepo
025f2000-02613000 rw-p 00000000 00:00 0                                  [heap]
7f6cf4000000-7f6cf4021000 rw-p 00000000 00:00 0 
7f6cf4021000-7f6cf8000000 ---p 00000000 00:00 0 
7f6cf9291000-7f6cf92a7000 r-xp 00000000 08:02 13898127                   /lib/x86_64-linux-gnu/libgcc_s.so.1
7f6cf92a7000-7f6cf94a6000 ---p 00016000 08:02 13898127                   /lib/x86_64-linux-gnu/libgcc_s.so.1
7f6cf94a6000-7f6cf94a7000 rw-p 00015000 08:02 13898127                   /lib/x86_64-linux-gnu/libgcc_s.so.1
7f6cf94a7000-7f6cf94a8000 ---p 00000000 00:00 0 
7f6cf94a8000-7f6cf9ca8000 rw-p 00000000 00:00 0 
7f6cf9ca8000-7f6cf9cb3000 r-xp 00000000 08:02 13899334                   /lib/x86_64-linux-gnu/libnss_files-2.23.so
7f6cf9cb3000-7f6cf9eb2000 ---p 0000b000 08:02 13899334                   /lib/x86_64-linux-gnu/libnss_files-2.23.so
7f6cf9eb2000-7f6cf9eb3000 r--p 0000a000 08:02 13899334                   /lib/x86_64-linux-gnu/libnss_files-2.23.so
7f6cf9eb3000-7f6cf9eb4000 rw-p 0000b000 08:02 13899334                   /lib/x86_64-linux-gnu/libnss_files-2.23.so
7f6cf9eb4000-7f6cf9eba000 rw-p 00000000 00:00 0 
7f6cf9eba000-7f6cfa07a000 r-xp 00000000 08:02 13899321                   /lib/x86_64-linux-gnu/libc-2.23.so
7f6cfa07a000-7f6cfa27a000 ---p 001c0000 08:02 13899321                   /lib/x86_64-linux-gnu/libc-2.23.so
7f6cfa27a000-7f6cfa27e000 r--p 001c0000 08:02 13899321                   /lib/x86_64-linux-gnu/libc-2.23.so
7f6cfa27e000-7f6cfa280000 rw-p 001c4000 08:02 13899321                   /lib/x86_64-linux-gnu/libc-2.23.so
7f6cfa280000-7f6cfa284000 rw-p 00000000 00:00 0 
7f6cfa284000-7f6cfa29c000 r-xp 00000000 08:02 13899320                   /lib/x86_64-linux-gnu/libpthread-2.23.so
7f6cfa29c000-7f6cfa49b000 ---p 00018000 08:02 13899320                   /lib/x86_64-linux-gnu/libpthread-2.23.so
7f6cfa49b000-7f6cfa49c000 r--p 00017000 08:02 13899320                   /lib/x86_64-linux-gnu/libpthread-2.23.so
7f6cfa49c000-7f6cfa49d000 rw-p 00018000 08:02 13899320                   /lib/x86_64-linux-gnu/libpthread-2.23.so
7f6cfa49d000-7f6cfa4a1000 rw-p 00000000 00:00 0 
7f6cfa4a1000-7f6cfa4c7000 r-xp 00000000 08:02 13899319                   /lib/x86_64-linux-gnu/ld-2.23.so
7f6cfa6a6000-7f6cfa6aa000 rw-p 00000000 00:00 0 
7f6cfa6c5000-7f6cfa6c6000 rw-p 00000000 00:00 0 
7f6cfa6c6000-7f6cfa6c7000 r--p 00025000 08:02 13899319                   /lib/x86_64-linux-gnu/ld-2.23.so
7f6cfa6c7000-7f6cfa6c8000 rw-p 00026000 08:02 13899319                   /lib/x86_64-linux-gnu/ld-2.23.so
7f6cfa6c8000-7f6cfa6c9000 rw-p 00000000 00:00 0 
7ffcb2075000-7ffcb2096000 rw-p 00000000 00:00 0                          [stack]
7ffcb20ad000-7ffcb20b0000 r--p 00000000 00:00 0                          [vvar]
7ffcb20b0000-7ffcb20b2000 r-xp 00000000 00:00 0                          [vdso]
ffffffffff600000-ffffffffff601000 r-xp 00000000 00:00 0                  [vsyscall]
*** Error in `/home/elfar009/INET4021/WebServerRepo/cmake-build-debug/WebServerRepo': munmap_chunk(): invalid pointer: 0x000000000147cf49 ***
======= Backtrace: =========
/lib/x86_64-linux-gnu/libc.so.6(+0x777e5)[0x7f6f1f9737e5]
/lib/x86_64-linux-gnu/libc.so.6(cfree+0x1a8)[0x7f6f1f980698]
/home/elfar009/INET4021/WebServerRepo/cmake-build-debug/WebServerRepo[0x402222]
/home/elfar009/INET4021/WebServerRepo/cmake-build-debug/WebServerRepo[0x40263f]
/lib/x86_64-linux-gnu/libc.so.6(__libc_start_main+0xf0)[0x7f6f1f91c830]
/home/elfar009/INET4021/WebServerRepo/cmake-build-debug/WebServerRepo[0x401459]
======= Memory map: ========
00400000-00403000 r-xp 00000000 08:02 14025977                           /home/elfar009/INET4021/WebServerRepo/cmake-build-debug/WebServerRepo
00603000-00604000 r--p 00003000 08:02 14025977                           /home/elfar009/INET4021/WebServerRepo/cmake-build-debug/WebServerRepo
00604000-00605000 rw-p 00004000 08:02 14025977                           /home/elfar009/INET4021/WebServerRepo/cmake-build-debug/WebServerRepo
0147a000-0149b000 rw-p 00000000 00:00 0                                  [heap]
7f6f1f4d4000-7f6f1f4ea000 r-xp 00000000 08:02 13898127                   /lib/x86_64-linux-gnu/libgcc_s.so.1
7f6f1f4ea000-7f6f1f6e9000 ---p 00016000 08:02 13898127                   /lib/x86_64-linux-gnu/libgcc_s.so.1
7f6f1f6e9000-7f6f1f6ea000 rw-p 00015000 08:02 13898127                   /lib/x86_64-linux-gnu/libgcc_s.so.1
7f6f1f6ea000-7f6f1f6f5000 r-xp 00000000 08:02 13899334                   /lib/x86_64-linux-gnu/libnss_files-2.23.so
7f6f1f6f5000-7f6f1f8f4000 ---p 0000b000 08:02 13899334                   /lib/x86_64-linux-gnu/libnss_files-2.23.so
7f6f1f8f4000-7f6f1f8f5000 r--p 0000a000 08:02 13899334                   /lib/x86_64-linux-gnu/libnss_files-2.23.so
7f6f1f8f5000-7f6f1f8f6000 rw-p 0000b000 08:02 13899334                   /lib/x86_64-linux-gnu/libnss_files-2.23.so
7f6f1f8f6000-7f6f1f8fc000 rw-p 00000000 00:00 0 
7f6f1f8fc000-7f6f1fabc000 r-xp 00000000 08:02 13899321                   /lib/x86_64-linux-gnu/libc-2.23.so
7f6f1fabc000-7f6f1fcbc000 ---p 001c0000 08:02 13899321                   /lib/x86_64-linux-gnu/libc-2.23.so
7f6f1fcbc000-7f6f1fcc0000 r--p 001c0000 08:02 13899321                   /lib/x86_64-linux-gnu/libc-2.23.so
7f6f1fcc0000-7f6f1fcc2000 rw-p 001c4000 08:02 13899321                   /lib/x86_64-linux-gnu/libc-2.23.so
7f6f1fcc2000-7f6f1fcc6000 rw-p 00000000 00:00 0 
7f6f1fcc6000-7f6f1fcde000 r-xp 00000000 08:02 13899320                   /lib/x86_64-linux-gnu/libpthread-2.23.so
7f6f1fcde000-7f6f1fedd000 ---p 00018000 08:02 13899320                   /lib/x86_64-linux-gnu/libpthread-2.23.so
7f6f1fedd000-7f6f1fede000 r--p 00017000 08:02 13899320                   /lib/x86_64-linux-gnu/libpthread-2.23.so
7f6f1fede000-7f6f1fedf000 rw-p 00018000 08:02 13899320                   /lib/x86_64-linux-gnu/libpthread-2.23.so
7f6f1fedf000-7f6f1fee3000 rw-p 00000000 00:00 0 
7f6f1fee3000-7f6f1ff09000 r-xp 00000000 08:02 13899319                   /lib/x86_64-linux-gnu/ld-2.23.so
7f6f200e8000-7f6f200ec000 rw-p 00000000 00:00 0 
7f6f20107000-7f6f20108000 rw-p 00000000 00:00 0 
7f6f20108000-7f6f20109000 r--p 00025000 08:02 13899319                   /lib/x86_64-linux-gnu/ld-2.23.so
7f6f20109000-7f6f2010a000 rw-p 00026000 08:02 13899319                   /lib/x86_64-linux-gnu/ld-2.23.so
7f6f2010a000-7f6f2010b000 rw-p 00000000 00:00 0 
7ffcc7718000-7ffcc7739000 rw-p 00000000 00:00 0                          [stack]
7ffcc77c0000-7ffcc77c3000 r--p 00000000 00:00 0                          [vvar]
7ffcc77c3000-7ffcc77c5000 r-xp 00000000 00:00 0                          [vdso]
ffffffffff600000-ffffffffff601000 r-xp 00000000 00:00 0                  [vsyscall]
can't bind to 23456 port: Address already in use
can't bind to 23456 port: Address already in use
can't bind to 23456 port: Address already in use
can't bind to 23456 port: Address already in use
